***start***
0.567800 : 1.010100 : 21.320100
0.123400 : 0.101010 : 12.012300
0.123400 : 0.101010 : 12.012300
0.304824 : 1.001016 : 104168858480774546980864.000000
0.000000 : 2.421390 : 101648962858951235671184182497867417669061891127967232769386628692937206561802464554722378383360.000000
inf : 3.091515 : 3.091515 : 1
sqrt(x) = 4.000000
ceil(x) = 16.000000
floor(x) = 16.000000
atan(x) = 1.508378
atan2(x,1) = 1.508378
asin(x) = nan
acos(x) = nan
***end***
